error[E0603]: enum `Private` is private
  --> tests/misc_tests/type_eq_ui_tests/stw_macro_privacy-err.rs:13:21
   |
13 |     let _: private::Private<u8> = MakeTypeWitness::MAKE;
   |                     ^^^^^^^ private enum
   |
note: the enum `Private` is defined here
  --> tests/misc_tests/type_eq_ui_tests/stw_macro_privacy-err.rs:4:5
   |
4  | /     typewit::simple_type_witness!{
5  | |         enum Private {
6  | |             U8 = u8
7  | |         }
8  | |     }
   | |_____^
   = note: this error originates in the macro `$crate::__stw_top_items` which comes from the expansion of the macro `typewit::simple_type_witness` (in Nightly builds, run with -Z macro-backtrace for more info)
